// Jest Snapshot v1, https://goo.gl/fbAQLP

exports[`matches snapshot 1`] = `
<div>
  <div>
    <h2>
      gray
    </h2>
    <p>
      INFP
    </p>
  </div>
</div>
`;
